// Jest Snapshot v1, https://goo.gl/fbAQLP

exports[`Footer component should renderd Footer component 1`] = `ShallowWrapper {}`;
