// Jest Snapshot v1, https://goo.gl/fbAQLP

exports[`FormInput component should rendered FormInput component 1`] = `ShallowWrapper {}`;
