// Jest Snapshot v1, https://goo.gl/fbAQLP

exports[`CheckoutItem component should rendered CheckoutItem component 1`] = `ShallowWrapper {}`;
