// Jest Snapshot v1, https://goo.gl/fbAQLP

exports[`CollectionItem component should rendered CollectionItem component 1`] = `ShallowWrapper {}`;
