// Jest Snapshot v1, https://goo.gl/fbAQLP

exports[`should render Homepage 1`] = `ShallowWrapper {}`;
