// Jest Snapshot v1, https://goo.gl/fbAQLP

exports[`CollectionPage should render CollectionPage 1`] = `ShallowWrapper {}`;
