// Jest Snapshot v1, https://goo.gl/fbAQLP

exports[`should rendered brokenPage component 1`] = `ShallowWrapper {}`;
