// Jest Snapshot v1, https://goo.gl/fbAQLP

exports[`CollectionPreview component should renderd CollectionPreview component 1`] = `ShallowWrapper {}`;
