// Jest Snapshot v1, https://goo.gl/fbAQLP

exports[`CartDropdown components should rendered CartDropdown component 1`] = `ShallowWrapper {}`;

exports[`CartDropdown components should rendered CartDropown component 1`] = `ShallowWrapper {}`;
