// Jest Snapshot v1, https://goo.gl/fbAQLP

exports[`should rendered CollectionOverview component 1`] = `ShallowWrapper {}`;
