// Jest Snapshot v1, https://goo.gl/fbAQLP

exports[`CartItem component 1`] = `ShallowWrapper {}`;
