// Jest Snapshot v1, https://goo.gl/fbAQLP

exports[`should rendered Directory component 1`] = `ShallowWrapper {}`;
