// Jest Snapshot v1, https://goo.gl/fbAQLP

exports[`ScrollToTop component should render ScrollToTop component 1`] = `ShallowWrapper {}`;
