// Jest Snapshot v1, https://goo.gl/fbAQLP

exports[`SignIn component should render SignIn components 1`] = `ShallowWrapper {}`;
