// Jest Snapshot v1, https://goo.gl/fbAQLP

exports[`should rendered CustomButton component 1`] = `ShallowWrapper {}`;
